MPLINK 4.40, Linker
Linker Map File - Created Tue Apr 24 19:16:18 2018

                                 Section Info
                  Section       Type    Address   Location Size(Bytes)
                ---------  ---------  ---------  ---------  ---------
                   .org_0       code   0x000000    program   0x000000
                   .org_1       code   0x000000    program   0x000002
                   .org_2       code   0x000004    program   0x00013e
.config_2007_ASSIGNMENT12RE_REDO.O       code   0x002007    program   0x000002



                              Program Memory Usage 
                               Start         End      
                           ---------   ---------      
                            0x000000    0x000000      
                            0x000004    0x0000a2      
                            0x002007    0x002007      
            161 out of 4359 program addresses used, program memory utilization is 3%



                              Symbols - Sorted by Name
                     Name    Address   Location    Storage File                     
                ---------  ---------  ---------  --------- ---------                
                     LOOP   0x00000c    program     static E:\HW\Assignment 12\re_redo\assignment12re_redo.asm
                  SM_Exit   0x0000a2    program     static E:\HW\Assignment 12\re_redo\assignment12re_redo.asm
                SM_State1   0x000066    program     static E:\HW\Assignment 12\re_redo\assignment12re_redo.asm
               SM_State10   0x000099    program     static E:\HW\Assignment 12\re_redo\assignment12re_redo.asm
                SM_State2   0x00006c    program     static E:\HW\Assignment 12\re_redo\assignment12re_redo.asm
                SM_State3   0x000071    program     static E:\HW\Assignment 12\re_redo\assignment12re_redo.asm
                SM_State4   0x000076    program     static E:\HW\Assignment 12\re_redo\assignment12re_redo.asm
                SM_State5   0x00007b    program     static E:\HW\Assignment 12\re_redo\assignment12re_redo.asm
                SM_State6   0x000080    program     static E:\HW\Assignment 12\re_redo\assignment12re_redo.asm
                SM_State7   0x000085    program     static E:\HW\Assignment 12\re_redo\assignment12re_redo.asm
                SM_State8   0x00008a    program     static E:\HW\Assignment 12\re_redo\assignment12re_redo.asm
                SM_State9   0x00008f    program     static E:\HW\Assignment 12\re_redo\assignment12re_redo.asm
              SM_Steering   0x000039    program     static E:\HW\Assignment 12\re_redo\assignment12re_redo.asm
                     main   0x00001f    program     static E:\HW\Assignment 12\re_redo\assignment12re_redo.asm
                    skip2   0x000017    program     static E:\HW\Assignment 12\re_redo\assignment12re_redo.asm



                              Symbols - Sorted by Address
                     Name    Address   Location    Storage File                     
                ---------  ---------  ---------  --------- ---------                
                     LOOP   0x00000c    program     static E:\HW\Assignment 12\re_redo\assignment12re_redo.asm
                    skip2   0x000017    program     static E:\HW\Assignment 12\re_redo\assignment12re_redo.asm
                     main   0x00001f    program     static E:\HW\Assignment 12\re_redo\assignment12re_redo.asm
              SM_Steering   0x000039    program     static E:\HW\Assignment 12\re_redo\assignment12re_redo.asm
                SM_State1   0x000066    program     static E:\HW\Assignment 12\re_redo\assignment12re_redo.asm
                SM_State2   0x00006c    program     static E:\HW\Assignment 12\re_redo\assignment12re_redo.asm
                SM_State3   0x000071    program     static E:\HW\Assignment 12\re_redo\assignment12re_redo.asm
                SM_State4   0x000076    program     static E:\HW\Assignment 12\re_redo\assignment12re_redo.asm
                SM_State5   0x00007b    program     static E:\HW\Assignment 12\re_redo\assignment12re_redo.asm
                SM_State6   0x000080    program     static E:\HW\Assignment 12\re_redo\assignment12re_redo.asm
                SM_State7   0x000085    program     static E:\HW\Assignment 12\re_redo\assignment12re_redo.asm
                SM_State8   0x00008a    program     static E:\HW\Assignment 12\re_redo\assignment12re_redo.asm
                SM_State9   0x00008f    program     static E:\HW\Assignment 12\re_redo\assignment12re_redo.asm
               SM_State10   0x000099    program     static E:\HW\Assignment 12\re_redo\assignment12re_redo.asm
                  SM_Exit   0x0000a2    program     static E:\HW\Assignment 12\re_redo\assignment12re_redo.asm


